---end scope---
---end scope---
x INT 1
---end scope---
line 12: syntax error
