---end scope---
---end scope---
isOk BOOL -1
---end scope---
x INT 0
y BYTE 1
z INT 2
---end scope---
print (STRING)->VOID 0
printi (INT)->VOID 0
printOk (BOOL)->VOID 0
main ()->VOID 0
