31: Type -> INT
5: RetType -> Type
7: Formals -> epsilon
31: Type -> INT
line 2: lexical error
