6: RetType ->  VOID
7: Formals -> epsilon
36: Exp -> ID
line 2: syntax error
